// Jest Snapshot v1, https://goo.gl/fbAQLP

exports[`Render Header without crashing 1`] = `
<div>
  <header
    class="container"
  >
    <img
      alt="konstellation logo"
      class="konstellationsIcon"
      src="/img/brand/konstellation.svg"
    />
    <div
      class="customHeaderElements"
    />
    <div
      class="container"
      data-testid="settingsContainer"
    >
      <div
        class="label"
      >
        mariano@intelygenz.com
        <div
          class="arrow"
        />
      </div>
      <div
        class="options"
        data-testid="settingsContent"
        style="max-height: 0;"
      >
        <div
          class="btn grey left label"
          style="padding-left: 20%; height: 40px; line-height: 40px;"
        >
          <svg
            aria-hidden="true"
            class="MuiSvgIcon-root"
            focusable="false"
            role="presentation"
            style="font-size: 1rem;"
            viewBox="0 0 24 24"
          >
            <path
              d="M10.09 15.59L11.5 17l5-5-5-5-1.41 1.41L12.67 11H3v2h9.67l-2.58 2.59zM19 3H5c-1.11 0-2 .9-2 2v4h2V5h14v14H5v-4H3v4c0 1.1.89 2 2 2h14c1.1 0 2-.9 2-2V5c0-1.1-.9-2-2-2z"
            />
          </svg>
          <span>
            LOGOUT
          </span>
        </div>
      </div>
    </div>
  </header>
</div>
`;
