// Jest Snapshot v1, https://goo.gl/fbAQLP

exports[`Renders Settings without crashing 1`] = `
<div>
  <div
    class="splash"
    data-testid="splashscreen"
  />
  <div
    class="content"
  >
    <div
      class="container"
      data-testid="settingsContainer"
    >
      <div
        class="container"
      >
        <div
          class="header"
        >
          <div
            class="back"
          >
            <svg
              aria-hidden="true"
              class="MuiSvgIcon-root icon-regular"
              focusable="false"
              viewBox="0 0 24 24"
            >
              <path
                d="M21 11H6.83l3.58-3.59L9 6l-6 6 6 6 1.41-1.41L6.83 13H21z"
              />
            </svg>
            <span
              class="title"
            >
              Settings
            </span>
          </div>
          <div
            class="description"
          />
        </div>
        <div
          class="navButtons"
        >
          <div>
            <a
              class=""
              href="/settings/general"
            >
              <div
                class="item size_m"
              >
                <svg
                  aria-hidden="true"
                  class="MuiSvgIcon-root icon-regular"
                  focusable="false"
                  viewBox="0 0 24 24"
                >
                  <path
                    d="M17 16l-4-4V8.82C14.16 8.4 15 7.3 15 6c0-1.66-1.34-3-3-3S9 4.34 9 6c0 1.3.84 2.4 2 2.82V12l-4 4H3v5h5v-3.05l4-4.2 4 4.2V21h5v-5h-4z"
                  />
                </svg>
                <span>
                  GENERAL
                </span>
              </div>
            </a>
            <a
              class=""
              href="/settings/security"
            >
              <div
                class="item size_m"
              >
                <svg
                  aria-hidden="true"
                  class="MuiSvgIcon-root icon-regular"
                  focusable="false"
                  viewBox="0 0 24 24"
                >
                  <path
                    d="M12 1L3 5v6c0 5.55 3.84 10.74 9 12 5.16-1.26 9-6.45 9-12V5l-9-4zm0 10.99h7c-.53 4.12-3.28 7.79-7 8.94V12H5V6.3l7-3.11v8.8z"
                  />
                </svg>
                <span>
                  SECURITY
                </span>
              </div>
            </a>
          </div>
        </div>
      </div>
      <div
        class="content"
      />
    </div>
  </div>
</div>
`;
