// Jest Snapshot v1, https://goo.gl/fbAQLP

exports[`SettingsHeader matches snapshot 1`] = `
<Fragment>
  <div
    className="formTitle"
  >
    title
  </div>
  <div
    className="formDescription"
  >
    subtitle
  </div>
</Fragment>
`;
