// Jest Snapshot v1, https://goo.gl/fbAQLP

exports[`Renders VerticalBar without crashing 1`] = `
<div>
  <div
    class="container"
  >
    <div>
      A
    </div>
    <div>
      B
    </div>
    <div>
      C
    </div>
  </div>
</div>
`;
