// Jest Snapshot v1, https://goo.gl/fbAQLP

exports[`Modal matches snapshot 1`] = `
<Fragment>
  <div
    className="container visible"
    data-testid="modal-container"
  >
    <div
      className="title"
      data-testid="modal-title"
    >
      Modal
    </div>
    <div
      className="message"
      data-testid="modal-message"
    >
      Message
    </div>
    <HorizontalBar>
      <Button
        height={30}
        label="Action Button"
        onClick={[MockFunction]}
        primary={true}
        style={
          Object {
            "padding": "0 0",
            "width": "122px",
          }
        }
        to=""
      />
      <Button
        height={30}
        label="CANCEL"
        onClick={[Function]}
        style={
          Object {
            "padding": "0 0",
            "width": "122px",
          }
        }
      />
    </HorizontalBar>
  </div>
</Fragment>
`;
