{
 "Statement": [
  {
   "Action": [
    "s3:*"
   ],
   "Effect": "Allow",
   "Resource": [
    "arn:aws:s3:::test-bucket/*",
    "arn:aws:s3:::test-bucket"
   ]
  }
 ],
 "Version": "2012-10-17"
}