// Jest Snapshot v1, https://goo.gl/fbAQLP

exports[`Renders Settings without crashing 1`] = `
<div>
  <div
    class="container"
    data-testid="settingsContainer"
  >
    <div
      class="label"
    />
    <div
      class="options"
      data-testid="settingsContent"
      style="max-height: 0;"
    >
      <a
        data-testid="buttonLink"
        href="/settings"
      >
        <div
          class="btn grey left label"
          style="padding-left: 20%; height: 40px; line-height: 40px;"
        >
          <svg
            aria-hidden="true"
            class="MuiSvgIcon-root icon-regular"
            focusable="false"
            role="presentation"
            viewBox="0 0 24 24"
          >
            <path
              d="M12 1L3 5v6c0 5.55 3.84 10.74 9 12 5.16-1.26 9-6.45 9-12V5l-9-4zm-2 16l-4-4 1.41-1.41L10 14.17l6.59-6.59L18 9l-8 8z"
            />
          </svg>
          <span>
            SETTINGS
          </span>
        </div>
      </a>
      <a
        data-testid="buttonLink"
        href="/audit"
      >
        <div
          class="btn grey left label"
          style="padding-left: 20%; height: 40px; line-height: 40px;"
        >
          <svg
            aria-hidden="true"
            class="MuiSvgIcon-root icon-regular"
            focusable="false"
            role="presentation"
            viewBox="0 0 24 24"
          >
            <path
              d="M16.5 12c1.38 0 2.49-1.12 2.49-2.5S17.88 7 16.5 7C15.12 7 14 8.12 14 9.5s1.12 2.5 2.5 2.5zM9 11c1.66 0 2.99-1.34 2.99-3S10.66 5 9 5C7.34 5 6 6.34 6 8s1.34 3 3 3zm7.5 3c-1.83 0-5.5.92-5.5 2.75V19h11v-2.25c0-1.83-3.67-2.75-5.5-2.75zM9 13c-2.33 0-7 1.17-7 3.5V19h7v-2.25c0-.85.33-2.34 2.37-3.47C10.5 13.1 9.66 13 9 13z"
            />
          </svg>
          <span>
            AUDIT
          </span>
        </div>
      </a>
      <div
        class="btn grey left label"
        style="padding-left: 20%; height: 40px; line-height: 40px;"
      >
        <svg
          aria-hidden="true"
          class="MuiSvgIcon-root icon-regular"
          focusable="false"
          role="presentation"
          viewBox="0 0 24 24"
        >
          <path
            d="M10.09 15.59L11.5 17l5-5-5-5-1.41 1.41L12.67 11H3v2h9.67l-2.58 2.59zM19 3H5c-1.11 0-2 .9-2 2v4h2V5h14v14H5v-4H3v4c0 1.1.89 2 2 2h14c1.1 0 2-.9 2-2V5c0-1.1-.9-2-2-2z"
          />
        </svg>
        <span>
          LOGOUT
        </span>
      </div>
    </div>
  </div>
</div>
`;
