// Jest Snapshot v1, https://goo.gl/fbAQLP

exports[`Renders Button without crashing 1`] = `
<div>
  <div
    class="btn default middle label"
    style="height: 40px; line-height: 40px;"
  >
    <span>
      Button
    </span>
  </div>
</div>
`;
