// Jest Snapshot v1, https://goo.gl/fbAQLP

exports[`DashboardTitle matches snapshot 1`] = `
<div
  className="container"
>
  <div
    className="title"
  >
    Metrics for runtimeName - versionName
  </div>
  <div
    className="dateFilter"
  >
    <Calendar
      addTimeControls={true}
      hideError={true}
      label="filter by dates"
      onChangeFromDateInput={[Function]}
      onChangeToDateInput={[Function]}
    />
  </div>
</div>
`;
