// Jest Snapshot v1, https://goo.gl/fbAQLP

exports[`Renders NavBar without crashing 1`] = `
<div>
  <div
    class="container"
  />
</div>
`;
