// Jest Snapshot v1, https://goo.gl/fbAQLP

exports[`PageBase matches snapshot 1`] = `undefined`;
